// Jest Snapshot v1, https://goo.gl/fbAQLP

exports[`redux db should write redux cache to disk 1`] = `
Object {
  "components": Map {
    "/Users/username/dev/site/src/templates/my-sweet-new-page.js" => Object {
      "componentPath": "/Users/username/dev/site/src/templates/my-sweet-new-page.js",
      "isInBootstrap": true,
      "pages": Set {
        "/my-sweet-new-page/",
      },
      "query": "",
    },
  },
  "html": Object {
    "browserCompilationHash": "",
    "ssrCompilationHash": "",
    "trackedHtmlFiles": Map {
      "/my-sweet-new-page/" => Object {
        "dirty": 2,
        "isDeleted": false,
        "pageDataHash": "",
      },
    },
    "trackedStaticQueryResults": Map {},
  },
  "jobsV2": Object {
    "complete": Map {},
    "incomplete": Map {},
  },
  "nodes": Map {
    "pageA" => Object {
      "id": "pageA",
      "internal": Object {
        "type": "Ding",
      },
    },
    "pageB" => Object {
      "id": "pageB",
      "internal": Object {
        "type": "Dong",
      },
    },
  },
  "nodesByType": Map {
    "Ding" => Map {
      "pageA" => Object {
        "id": "pageA",
        "internal": Object {
          "type": "Ding",
        },
      },
    },
    "Dong" => Map {
      "pageB" => Object {
        "id": "pageB",
        "internal": Object {
          "type": "Dong",
        },
      },
    },
  },
  "pageDataStats": Map {},
  "pendingPageDataWrites": Object {
    "pagePaths": Set {},
  },
  "queries": Object {
    "byConnection": Map {},
    "byNode": Map {},
    "deletedQueries": Set {},
    "dirtyQueriesListToEmitViaWebsocket": Array [],
    "queryNodes": Map {},
    "trackedComponents": Map {
      "/Users/username/dev/site/src/templates/my-sweet-new-page.js" => Object {
        "componentPath": "/Users/username/dev/site/src/templates/my-sweet-new-page.js",
        "errors": 0,
        "pages": Set {
          "/my-sweet-new-page/",
        },
        "query": "",
      },
    },
    "trackedQueries": Map {
      "/my-sweet-new-page/" => Object {
        "dirty": 1,
        "running": 0,
      },
    },
  },
  "staticQueriesByTemplate": Map {},
  "staticQueryComponents": Map {},
  "status": Object {
    "PLUGINS_HASH": "",
    "plugins": Object {},
  },
  "webpackCompilationHash": "",
}
`;
